// Jest Snapshot v1, https://goo.gl/fbAQLP

exports[`Main Container -> Handle API Response Match Dom against an empty response 1`] = `
<div
  className="mainWrapper"
/>
`;

exports[`Main Container -> Handle API Response Match Dom against todo list received as api response 1`] = `
<div
  className="mainWrapper"
/>
`;
